// Jest Snapshot v1, https://goo.gl/fbAQLP

exports[`generateData works with second argument 1`] = `
Object {
  "keys": Array [
    "prod.users.sy6qs.comment_count",
    "prod.users.sy6qs.username",
    "prod.users.sy6qs.is_verified",
    "prod.users.sy6qs.created_at",
    "prod.posts.gvcl5.post_title",
    "prod.posts.gvcl5.post_data",
    "prod.posts.gvcl5.author_id",
    "prod.posts.gvcl5.created_at",
    "prod.comments.gvcl5.G_K_706z6.value",
    "prod.comments.gvcl5.G_K_706z6.userID",
  ],
  "tree": Object {
    "prod": Object {
      "comments": Object {
        "gvcl5": Object {
          "G_K_706z6": Object {
            "userID": "sy6qs",
            "value": "üëç",
          },
        },
      },
      "posts": Object {
        "gvcl5": Object {
          "author_id": "sy6qs",
          "created_at": 14382625758,
          "post_data": "prod.posts.gvcl5.post_data:post_data",
          "post_title": "enable Gorgeous Frozen Pants",
        },
      },
      "users": Object {
        "sy6qs": Object {
          "comment_count": 52475,
          "created_at": 19295395373,
          "is_verified": true,
          "username": "Grocery Home",
        },
      },
    },
  },
  "values": Array [
    52475,
    "Grocery Home",
    true,
    19295395373,
    "enable Gorgeous Frozen Pants",
    "prod.posts.gvcl5.post_data:post_data",
    "sy6qs",
    14382625758,
    "üëç",
    "sy6qs",
  ],
}
`;

exports[`generateData works without second argument 1`] = `
Object {
  "keys": Array [
    "G_K_dsy6q.users.G_K_sll5g.comment_count",
    "G_K_dsy6q.users.G_K_sll5g.username",
    "G_K_dsy6q.users.G_K_sll5g.is_verified",
    "G_K_dsy6q.users.G_K_sll5g.created_at",
    "G_K_dsy6q.posts.G_K_5pn02.post_title",
    "G_K_dsy6q.posts.G_K_5pn02.post_data",
    "G_K_dsy6q.posts.G_K_5pn02.author_id",
    "G_K_dsy6q.posts.G_K_5pn02.created_at",
    "G_K_dsy6q.comments.G_K_5pn02.G_K_6mami.value",
    "G_K_dsy6q.comments.G_K_5pn02.G_K_6mami.userID",
  ],
  "tree": Object {
    "G_K_dsy6q": Object {
      "comments": Object {
        "G_K_5pn02": Object {
          "G_K_6mami": Object {
            "userID": "G_K_sll5g",
            "value": "üëç",
          },
        },
      },
      "posts": Object {
        "G_K_5pn02": Object {
          "author_id": "G_K_sll5g",
          "created_at": 24761311291,
          "post_data": "G_K_dsy6q.posts.G_K_5pn02.post_data:post_data",
          "post_title": "Coordinator Multi-channelled",
        },
      },
      "users": Object {
        "G_K_sll5g": Object {
          "comment_count": 29122,
          "created_at": 9213076313,
          "is_verified": false,
          "username": "Namibia enable",
        },
      },
    },
  },
  "values": Array [
    29122,
    "Namibia enable",
    false,
    9213076313,
    "Coordinator Multi-channelled",
    "G_K_dsy6q.posts.G_K_5pn02.post_data:post_data",
    "G_K_sll5g",
    24761311291,
    "üëç",
    "G_K_sll5g",
  ],
}
`;
